// Jest Snapshot v1, https://goo.gl/fbAQLP

exports[`Pruebas en  <FirstApp /> debe hacer match con el snapshot 1`] = `
<div>
  <h1
    data-testid="test-title"
  >
    My FirstApp
  </h1>
  <p>
    Hola Soy:
  </p>
  <p>
    Alicia Hernandez
  </p>
</div>
`;
